<?xml version="1.0" encoding="utf-8"?>
<TestRun id="fcd36d44-06fe-47c1-ac83-c8c0bcef66dd" name="@runnervmvatxw 2026-01-16 04:22:13" xmlns="http://microsoft.com/schemas/VisualStudio/TeamTest/2010">
  <Times creation="2026-01-16T04:22:13.4059112+00:00" queuing="2026-01-16T04:22:13.4059113+00:00" start="2026-01-16T04:22:10.5978314+00:00" finish="2026-01-16T04:22:16.3373943+00:00" />
  <TestSettings name="default" id="5c4cebad-83e7-4274-9e8b-bd1a0a464d08">
    <Deployment runDeploymentRoot="_runnervmvatxw_2026-01-16_04_22_13" />
  </TestSettings>
  <Results>
    <UnitTestResult executionId="9aecf5e2-9154-484d-88f8-cf3a0e01e117" testId="20272210-340c-8b95-1194-eff3787f3e46" testName="UnitTests.Data.Repositories.GenericRepositoryTests.GenericRepositoryGetsAll(iterations: 1)" computerName="runnervmvatxw" duration="00:00:00.0210000" startTime="2026-01-16T04:22:14.9974330+00:00" endTime="2026-01-16T04:22:15.0197960+00:00" testType="13cdc9d9-ddb5-4fa4-a97d-d965ccfc6d4b" outcome="Passed" testListId="8c84fa94-04c1-424b-9868-57a2d4851a1d" relativeResultsDirectory="9aecf5e2-9154-484d-88f8-cf3a0e01e117" />
    <UnitTestResult executionId="02aa9db5-247e-4e34-9350-b2e705227535" testId="e334ac2e-a91d-9592-9a14-6e6af425e889" testName="UnitTests.Data.Repositories.GenericRepositoryTests.GenericRepositoryGetsAll(iterations: 2)" computerName="runnervmvatxw" duration="00:00:01.9260000" startTime="2026-01-16T04:22:13.3921280+00:00" endTime="2026-01-16T04:22:14.9328520+00:00" testType="13cdc9d9-ddb5-4fa4-a97d-d965ccfc6d4b" outcome="Passed" testListId="8c84fa94-04c1-424b-9868-57a2d4851a1d" relativeResultsDirectory="02aa9db5-247e-4e34-9350-b2e705227535" />
    <UnitTestResult executionId="42536558-86ff-4da1-90db-3c98056858ed" testId="74347e3e-a1d8-1a9b-e232-94cd87fba9da" testName="UnitTests.Data.Repositories.GenericRepositoryTests.GetPage_Pages(page: 1, pageSize: 10, expectedItems: 10, expectedPages: 5)" computerName="runnervmvatxw" duration="00:00:00.0750000" startTime="2026-01-16T04:22:15.3572180+00:00" endTime="2026-01-16T04:22:15.4121190+00:00" testType="13cdc9d9-ddb5-4fa4-a97d-d965ccfc6d4b" outcome="Passed" testListId="8c84fa94-04c1-424b-9868-57a2d4851a1d" relativeResultsDirectory="42536558-86ff-4da1-90db-3c98056858ed" />
    <UnitTestResult executionId="dddd9544-e90d-42ed-a1f4-b9d75a8857b3" testId="bd3351a7-b43b-1510-2d3f-11bb62aa88d7" testName="UnitTests.Controllers.LocalizationControllerTests.GetLocalization_CallsLocalizationService" computerName="runnervmvatxw" duration="00:00:00.3220000" startTime="2026-01-16T04:22:12.7471660+00:00" endTime="2026-01-16T04:22:13.2328870+00:00" testType="13cdc9d9-ddb5-4fa4-a97d-d965ccfc6d4b" outcome="Passed" testListId="8c84fa94-04c1-424b-9868-57a2d4851a1d" relativeResultsDirectory="dddd9544-e90d-42ed-a1f4-b9d75a8857b3" />
    <UnitTestResult executionId="896baa19-efad-4e66-864e-df124627be45" testId="59704e7b-f8f7-ace3-2612-2279b1ecd6cb" testName="UnitTests.Data.Repositories.GenericRepositoryTests.Repository_DeleteMissing_DoesNotThrow" computerName="runnervmvatxw" duration="00:00:00.0610000" startTime="2026-01-16T04:22:15.6815400+00:00" endTime="2026-01-16T04:22:15.7045680+00:00" testType="13cdc9d9-ddb5-4fa4-a97d-d965ccfc6d4b" outcome="Passed" testListId="8c84fa94-04c1-424b-9868-57a2d4851a1d" relativeResultsDirectory="896baa19-efad-4e66-864e-df124627be45" />
    <UnitTestResult executionId="84e07775-2fc8-4e7e-bc85-605f86b3dfed" testId="c89a5558-29d6-7160-12eb-04b76041b792" testName="UnitTests.Data.Repositories.GenericRepositoryTests.Repository_Update_UsesUserId" computerName="runnervmvatxw" duration="00:00:00.0230000" startTime="2026-01-16T04:22:15.9522530+00:00" endTime="2026-01-16T04:22:15.9774620+00:00" testType="13cdc9d9-ddb5-4fa4-a97d-d965ccfc6d4b" outcome="Passed" testListId="8c84fa94-04c1-424b-9868-57a2d4851a1d" relativeResultsDirectory="84e07775-2fc8-4e7e-bc85-605f86b3dfed" />
    <UnitTestResult executionId="4020826c-4188-4d16-9cd8-0ec2a8805557" testId="81cc43d9-8c80-da23-fbb4-6a3d2970824d" testName="UnitTests.Controllers.ServiceRouteMapperTests.RegisterRoutes_RegistersAtLestOneRoute" computerName="runnervmvatxw" duration="00:00:00.1150000" startTime="2026-01-16T04:22:13.2200890+00:00" endTime="2026-01-16T04:22:13.3455080+00:00" testType="13cdc9d9-ddb5-4fa4-a97d-d965ccfc6d4b" outcome="Passed" testListId="8c84fa94-04c1-424b-9868-57a2d4851a1d" relativeResultsDirectory="4020826c-4188-4d16-9cd8-0ec2a8805557" />
    <UnitTestResult executionId="d99c872c-9f16-4447-a300-ccf3bca2a27f" testId="e8de6daf-b2f9-f07b-7db1-d7750158f399" testName="UnitTests.Data.Repositories.GenericRepositoryTests.Repository_Create_UsesUserId" computerName="runnervmvatxw" duration="00:00:00.0200000" startTime="2026-01-16T04:22:15.1773320+00:00" endTime="2026-01-16T04:22:15.2041710+00:00" testType="13cdc9d9-ddb5-4fa4-a97d-d965ccfc6d4b" outcome="Passed" testListId="8c84fa94-04c1-424b-9868-57a2d4851a1d" relativeResultsDirectory="d99c872c-9f16-4447-a300-ccf3bca2a27f" />
    <UnitTestResult executionId="d394420c-5497-4c17-89f5-9e18a899c0ec" testId="082ec871-5a59-802f-3256-844756fbe9b1" testName="UnitTests.Data.Repositories.GenericRepositoryTests.GetPage_Pages(page: 0, pageSize: 0, expectedItems: 1, expectedPages: 50)" computerName="runnervmvatxw" duration="00:00:00.2680000" startTime="2026-01-16T04:22:15.2374740+00:00" endTime="2026-01-16T04:22:15.3346080+00:00" testType="13cdc9d9-ddb5-4fa4-a97d-d965ccfc6d4b" outcome="Passed" testListId="8c84fa94-04c1-424b-9868-57a2d4851a1d" relativeResultsDirectory="d394420c-5497-4c17-89f5-9e18a899c0ec" />
    <UnitTestResult executionId="1d9696ec-2f5c-404d-85f4-bad7e212cd7a" testId="38eae053-145d-f86c-9ed5-dae375692ec3" testName="UnitTests.Providers.DateTimeProviderTests.DateTimeProvider_ProvidesUtc" computerName="runnervmvatxw" duration="00:00:00.0790000" startTime="2026-01-16T04:22:13.0916370+00:00" endTime="2026-01-16T04:22:13.1107510+00:00" testType="13cdc9d9-ddb5-4fa4-a97d-d965ccfc6d4b" outcome="Passed" testListId="8c84fa94-04c1-424b-9868-57a2d4851a1d" relativeResultsDirectory="1d9696ec-2f5c-404d-85f4-bad7e212cd7a" />
    <UnitTestResult executionId="d7b0742d-6953-4385-8efb-1757bb875332" testId="dee71b95-4301-2055-80fa-558f55d588b8" testName="UnitTests.Data.Repositories.GenericRepositoryTests.GenericRepositoryGetsAll(iterations: 3)" computerName="runnervmvatxw" duration="00:00:00.0230000" startTime="2026-01-16T04:22:15.0396110+00:00" endTime="2026-01-16T04:22:15.0658130+00:00" testType="13cdc9d9-ddb5-4fa4-a97d-d965ccfc6d4b" outcome="Passed" testListId="8c84fa94-04c1-424b-9868-57a2d4851a1d" relativeResultsDirectory="d7b0742d-6953-4385-8efb-1757bb875332" />
    <UnitTestResult executionId="5077e329-b5cb-4c85-87a5-72164d9c5ff4" testId="4174a4fc-f050-0a80-62f5-57efd360262b" testName="UnitTests.Common.GlobalsTests.ModulePrefixIsValid" computerName="runnervmvatxw" duration="00:00:00.0010000" startTime="2026-01-16T04:22:13.4810980+00:00" endTime="2026-01-16T04:22:13.4963060+00:00" testType="13cdc9d9-ddb5-4fa4-a97d-d965ccfc6d4b" outcome="Passed" testListId="8c84fa94-04c1-424b-9868-57a2d4851a1d" relativeResultsDirectory="5077e329-b5cb-4c85-87a5-72164d9c5ff4" />
    <UnitTestResult executionId="a3ee1645-9fa4-4165-97a8-7107660fea50" testId="3f6312dc-2331-e755-d68a-8de3088e798d" testName="UnitTests.Data.Repositories.GenericRepositoryTests.Repository_Update_DefaultAudit" computerName="runnervmvatxw" duration="00:00:00.0220000" startTime="2026-01-16T04:22:15.9022960+00:00" endTime="2026-01-16T04:22:15.9255700+00:00" testType="13cdc9d9-ddb5-4fa4-a97d-d965ccfc6d4b" outcome="Passed" testListId="8c84fa94-04c1-424b-9868-57a2d4851a1d" relativeResultsDirectory="a3ee1645-9fa4-4165-97a8-7107660fea50" />
    <UnitTestResult executionId="863ffa70-92b6-4060-8df9-569e9838239c" testId="a59558fc-da57-70d4-d51b-006c46a3cd4f" testName="UnitTests.Data.Repositories.GenericRepositoryTests.GenericRepositoryUpdates" computerName="runnervmvatxw" duration="00:00:00.0500000" startTime="2026-01-16T04:22:15.6315760+00:00" endTime="2026-01-16T04:22:15.6529920+00:00" testType="13cdc9d9-ddb5-4fa4-a97d-d965ccfc6d4b" outcome="Passed" testListId="8c84fa94-04c1-424b-9868-57a2d4851a1d" relativeResultsDirectory="863ffa70-92b6-4060-8df9-569e9838239c" />
    <UnitTestResult executionId="c4b1fdad-560d-497a-8bf0-b7acb466607d" testId="d527f5d7-05c2-a5da-93c5-f2bb4391f844" testName="UnitTests.Data.Repositories.GenericRepositoryTests.GenericRepositoryCreatesAndGetsById" computerName="runnervmvatxw" duration="00:00:00.0800000" startTime="2026-01-16T04:22:16.0973850+00:00" endTime="2026-01-16T04:22:16.1172140+00:00" testType="13cdc9d9-ddb5-4fa4-a97d-d965ccfc6d4b" outcome="Passed" testListId="8c84fa94-04c1-424b-9868-57a2d4851a1d" relativeResultsDirectory="c4b1fdad-560d-497a-8bf0-b7acb466607d" />
    <UnitTestResult executionId="df77ced8-98bf-4390-a40b-d36dec6107e6" testId="d7aeee62-ca8d-2ca5-79b2-258e190e2d14" testName="UnitTests.Data.Repositories.GenericRepositoryTests.Repository_Create_DefaultAudit" computerName="runnervmvatxw" duration="00:00:00.0180000" startTime="2026-01-16T04:22:16.0524550+00:00" endTime="2026-01-16T04:22:16.0731440+00:00" testType="13cdc9d9-ddb5-4fa4-a97d-d965ccfc6d4b" outcome="Passed" testListId="8c84fa94-04c1-424b-9868-57a2d4851a1d" relativeResultsDirectory="df77ced8-98bf-4390-a40b-d36dec6107e6" />
    <UnitTestResult executionId="9657efc0-60cf-4ba6-b1ff-3cd5afe6da74" testId="b2fa0e24-81e1-9083-2786-28263d3bbbcb" testName="UnitTests.Controllers.ModuleApiControllerTests.CanEdit_DefaultsToFalse" computerName="runnervmvatxw" duration="00:00:00.0080000" startTime="2026-01-16T04:22:12.9749850+00:00" endTime="2026-01-16T04:22:12.9996290+00:00" testType="13cdc9d9-ddb5-4fa4-a97d-d965ccfc6d4b" outcome="Passed" testListId="8c84fa94-04c1-424b-9868-57a2d4851a1d" relativeResultsDirectory="9657efc0-60cf-4ba6-b1ff-3cd5afe6da74" />
    <UnitTestResult executionId="26cb8909-2695-4044-a71f-4d47ae6f1733" testId="27566079-9486-e3c1-6494-91ca9ae44d79" testName="UnitTests.Data.Repositories.GenericRepositoryTests.GenericRepositoryDeletes" computerName="runnervmvatxw" duration="00:00:00.0450000" startTime="2026-01-16T04:22:15.0995670+00:00" endTime="2026-01-16T04:22:15.1320220+00:00" testType="13cdc9d9-ddb5-4fa4-a97d-d965ccfc6d4b" outcome="Passed" testListId="8c84fa94-04c1-424b-9868-57a2d4851a1d" relativeResultsDirectory="26cb8909-2695-4044-a71f-4d47ae6f1733" />
    <UnitTestResult executionId="8ab2428a-3fbf-4595-8052-77d59b4009c2" testId="110cc41d-29a2-9279-99dc-f27a2281aada" testName="UnitTests.StartupTests.Startup_RegistersAllRequiredServices" computerName="runnervmvatxw" duration="00:00:00.0220000" startTime="2026-01-16T04:22:13.2687590+00:00" endTime="2026-01-16T04:22:13.2825880+00:00" testType="13cdc9d9-ddb5-4fa4-a97d-d965ccfc6d4b" outcome="Passed" testListId="8c84fa94-04c1-424b-9868-57a2d4851a1d" relativeResultsDirectory="8ab2428a-3fbf-4595-8052-77d59b4009c2" />
    <UnitTestResult executionId="8abcc033-f2dd-4b01-b2ec-d25dc8fba2bb" testId="9836b323-2c87-fb96-c166-3e83946077c2" testName="UnitTests.Data.Repositories.GenericRepositoryTests.GenericRepositoryUpdate_ThrowsWithNullEntity" computerName="runnervmvatxw" duration="00:00:00.0160000" startTime="2026-01-16T04:22:16.0061200+00:00" endTime="2026-01-16T04:22:16.0274620+00:00" testType="13cdc9d9-ddb5-4fa4-a97d-d965ccfc6d4b" outcome="Passed" testListId="8c84fa94-04c1-424b-9868-57a2d4851a1d" relativeResultsDirectory="8abcc033-f2dd-4b01-b2ec-d25dc8fba2bb" />
    <UnitTestResult executionId="24d2159b-574c-4ddc-a190-87d3effb3bd4" testId="f7bc6bd9-0c55-06bc-3749-64e5f6cece81" testName="UnitTests.Controllers.ModuleApiControllerTests.CanEdit_Set_Throws" computerName="runnervmvatxw" duration="00:00:00.0130000" startTime="2026-01-16T04:22:12.7704710+00:00" endTime="2026-01-16T04:22:12.8137070+00:00" testType="13cdc9d9-ddb5-4fa4-a97d-d965ccfc6d4b" outcome="Passed" testListId="8c84fa94-04c1-424b-9868-57a2d4851a1d" relativeResultsDirectory="24d2159b-574c-4ddc-a190-87d3effb3bd4" />
    <UnitTestResult executionId="55cbc912-5408-446d-b92d-76a5336599ac" testId="78191585-3baa-784c-b6e5-3c7e13ea0966" testName="UnitTests.Extensions.IQueryableExtensionsTests.Order_OrdersBothWays(descending: True, expected: [3, 2, 1])" computerName="runnervmvatxw" duration="00:00:00.0010000" startTime="2026-01-16T04:22:13.4267720+00:00" endTime="2026-01-16T04:22:13.4410180+00:00" testType="13cdc9d9-ddb5-4fa4-a97d-d965ccfc6d4b" outcome="Passed" testListId="8c84fa94-04c1-424b-9868-57a2d4851a1d" relativeResultsDirectory="55cbc912-5408-446d-b92d-76a5336599ac" />
    <UnitTestResult executionId="483fb9d4-9d8e-415c-ab6a-972b66a92d1a" testId="c38d13c8-0943-0152-9d1f-27d7829b57da" testName="UnitTests.Data.Repositories.GenericRepositoryTests.GenericRepositoryCreate_ThrowsWithNullEntity" computerName="runnervmvatxw" duration="00:00:00.0250000" startTime="2026-01-16T04:22:15.5655310+00:00" endTime="2026-01-16T04:22:15.5910170+00:00" testType="13cdc9d9-ddb5-4fa4-a97d-d965ccfc6d4b" outcome="Passed" testListId="8c84fa94-04c1-424b-9868-57a2d4851a1d" relativeResultsDirectory="483fb9d4-9d8e-415c-ab6a-972b66a92d1a" />
    <UnitTestResult executionId="f9243c3d-4393-4da3-a7b4-9cdc4c7a1330" testId="527c432f-7b9f-89a4-0fdf-51a0955d2f53" testName="UnitTests.Data.Repositories.GenericRepositoryTests.GetPage_Pages(page: 3, pageSize: 20, expectedItems: 10, expectedPages: 3)" computerName="runnervmvatxw" duration="00:00:00.0750000" startTime="2026-01-16T04:22:15.4360520+00:00" endTime="2026-01-16T04:22:15.4819170+00:00" testType="13cdc9d9-ddb5-4fa4-a97d-d965ccfc6d4b" outcome="Passed" testListId="8c84fa94-04c1-424b-9868-57a2d4851a1d" relativeResultsDirectory="f9243c3d-4393-4da3-a7b4-9cdc4c7a1330" />
    <UnitTestResult executionId="42587a3c-dac9-44d1-97d0-4b862daa7804" testId="fa343bff-97c2-1efc-efd2-918bb0a79a3b" testName="UnitTests.Data.Repositories.GenericRepositoryTests.GenericRepositoryGet" computerName="runnervmvatxw" duration="00:00:00.0280000" startTime="2026-01-16T04:22:15.5149290+00:00" endTime="2026-01-16T04:22:15.5370300+00:00" testType="13cdc9d9-ddb5-4fa4-a97d-d965ccfc6d4b" outcome="Passed" testListId="8c84fa94-04c1-424b-9868-57a2d4851a1d" relativeResultsDirectory="42587a3c-dac9-44d1-97d0-4b862daa7804" />
    <UnitTestResult executionId="293a3176-b96c-4f3e-a3cb-dfc644ed1e1f" testId="e5838b0c-eaaa-a2ee-1740-a18b4a86d7a4" testName="UnitTests.Data.Repositories.IdeaRepositoryTests.Constructs" computerName="runnervmvatxw" duration="00:00:01.8940000" startTime="2026-01-16T04:22:12.7588680+00:00" endTime="2026-01-16T04:22:14.4980720+00:00" testType="13cdc9d9-ddb5-4fa4-a97d-d965ccfc6d4b" outcome="Passed" testListId="8c84fa94-04c1-424b-9868-57a2d4851a1d" relativeResultsDirectory="293a3176-b96c-4f3e-a3cb-dfc644ed1e1f" />
    <UnitTestResult executionId="23c22c35-cf2c-43d3-8d46-33fdd82a9388" testId="53f95eb7-2fb5-a3ce-2c24-38ae34e88303" testName="UnitTests.Controllers.ModuleApiControllerTests.HasUserInfo" computerName="runnervmvatxw" duration="00:00:00.1070000" startTime="2026-01-16T04:22:12.8724810+00:00" endTime="2026-01-16T04:22:12.9035030+00:00" testType="13cdc9d9-ddb5-4fa4-a97d-d965ccfc6d4b" outcome="Passed" testListId="8c84fa94-04c1-424b-9868-57a2d4851a1d" relativeResultsDirectory="23c22c35-cf2c-43d3-8d46-33fdd82a9388" />
    <UnitTestResult executionId="544bd3a9-e14d-468c-94e4-7d9dcc4d98b5" testId="fb4d7e06-b0f6-3c4f-5b1a-c6c31cafa1f7" testName="UnitTests.Extensions.IQueryableExtensionsTests.Order_OrdersBothWays(descending: False, expected: [1, 2, 3])" computerName="runnervmvatxw" duration="00:00:00.0920000" startTime="2026-01-16T04:22:13.3290750+00:00" endTime="2026-01-16T04:22:13.4048980+00:00" testType="13cdc9d9-ddb5-4fa4-a97d-d965ccfc6d4b" outcome="Passed" testListId="8c84fa94-04c1-424b-9868-57a2d4851a1d" relativeResultsDirectory="544bd3a9-e14d-468c-94e4-7d9dcc4d98b5" />
    <UnitTestResult executionId="713be4b2-8be5-4cd3-8bf3-010cb33080b9" testId="051fc54f-7074-2910-0417-4c911d54f4b2" testName="UnitTests.Data.Repositories.GenericRepositoryTests.Pages_With_Related_Entities" computerName="runnervmvatxw" duration="00:00:00.2110000" startTime="2026-01-16T04:22:15.7905890+00:00" endTime="2026-01-16T04:22:15.8742380+00:00" testType="13cdc9d9-ddb5-4fa4-a97d-d965ccfc6d4b" outcome="Passed" testListId="8c84fa94-04c1-424b-9868-57a2d4851a1d" relativeResultsDirectory="713be4b2-8be5-4cd3-8bf3-010cb33080b9" />
    <UnitTestResult executionId="7a2fa767-8431-4cde-a089-49e66b267512" testId="b75181a9-0ec4-2ff3-9e36-471de6d930df" testName="UnitTests.Data.Repositories.GenericRepositoryTests.GenericRepositoryConstructs" computerName="runnervmvatxw" duration="00:00:00.0160000" startTime="2026-01-16T04:22:15.7315340+00:00" endTime="2026-01-16T04:22:15.7600540+00:00" testType="13cdc9d9-ddb5-4fa4-a97d-d965ccfc6d4b" outcome="Passed" testListId="8c84fa94-04c1-424b-9868-57a2d4851a1d" relativeResultsDirectory="7a2fa767-8431-4cde-a089-49e66b267512" />
    <UnitTestResult executionId="e712d3eb-14ed-4305-8a11-55603d1421b3" testId="60e43152-7193-1c31-7a7d-2c2ca162fc43" testName="UnitTests.Data.Repositories.GenericRepositoryTests.GenericRepositoryGetsAll(iterations: 0)" computerName="runnervmvatxw" duration="00:00:00.0250000" startTime="2026-01-16T04:22:14.9529740+00:00" endTime="2026-01-16T04:22:14.9757320+00:00" testType="13cdc9d9-ddb5-4fa4-a97d-d965ccfc6d4b" outcome="Passed" testListId="8c84fa94-04c1-424b-9868-57a2d4851a1d" relativeResultsDirectory="e712d3eb-14ed-4305-8a11-55603d1421b3" />
    <UnitTestResult executionId="4f930aee-f5b7-479e-93b5-04f035cef6df" testId="b7610a9b-6030-af40-bb84-d88d1eb15547" testName="UnitTests.Providers.DateTimeProviderTests.DateTimeProvider_CanBeMocked" computerName="runnervmvatxw" duration="00:00:00.0180000" startTime="2026-01-16T04:22:13.1365450+00:00" endTime="2026-01-16T04:22:13.1658070+00:00" testType="13cdc9d9-ddb5-4fa4-a97d-d965ccfc6d4b" outcome="Passed" testListId="8c84fa94-04c1-424b-9868-57a2d4851a1d" relativeResultsDirectory="4f930aee-f5b7-479e-93b5-04f035cef6df" />
  </Results>
  <TestDefinitions>
    <UnitTest name="UnitTests.Data.Repositories.GenericRepositoryTests.GenericRepositoryConstructs" storage="/home/runner/work/dnn.uservoice/dnn.uservoice/unittests/bin/release/unittests.dll" id="b75181a9-0ec4-2ff3-9e36-471de6d930df">
      <Execution id="7a2fa767-8431-4cde-a089-49e66b267512" />
      <TestMethod codeBase="/home/runner/work/DNN.UserVoice/DNN.UserVoice/UnitTests/bin/Release/UnitTests.dll" adapterTypeName="executor://xunit/VsTestRunner3/netfx/" className="UnitTests.Data.Repositories.GenericRepositoryTests" name="GenericRepositoryConstructs" />
    </UnitTest>
    <UnitTest name="UnitTests.Controllers.ModuleApiControllerTests.CanEdit_Set_Throws" storage="/home/runner/work/dnn.uservoice/dnn.uservoice/unittests/bin/release/unittests.dll" id="f7bc6bd9-0c55-06bc-3749-64e5f6cece81">
      <Execution id="24d2159b-574c-4ddc-a190-87d3effb3bd4" />
      <TestMethod codeBase="/home/runner/work/DNN.UserVoice/DNN.UserVoice/UnitTests/bin/Release/UnitTests.dll" adapterTypeName="executor://xunit/VsTestRunner3/netfx/" className="UnitTests.Controllers.ModuleApiControllerTests" name="CanEdit_Set_Throws" />
    </UnitTest>
    <UnitTest name="UnitTests.Data.Repositories.GenericRepositoryTests.GenericRepositoryDeletes" storage="/home/runner/work/dnn.uservoice/dnn.uservoice/unittests/bin/release/unittests.dll" id="27566079-9486-e3c1-6494-91ca9ae44d79">
      <Execution id="26cb8909-2695-4044-a71f-4d47ae6f1733" />
      <TestMethod codeBase="/home/runner/work/DNN.UserVoice/DNN.UserVoice/UnitTests/bin/Release/UnitTests.dll" adapterTypeName="executor://xunit/VsTestRunner3/netfx/" className="UnitTests.Data.Repositories.GenericRepositoryTests" name="GenericRepositoryDeletes" />
    </UnitTest>
    <UnitTest name="UnitTests.StartupTests.Startup_RegistersAllRequiredServices" storage="/home/runner/work/dnn.uservoice/dnn.uservoice/unittests/bin/release/unittests.dll" id="110cc41d-29a2-9279-99dc-f27a2281aada">
      <Execution id="8ab2428a-3fbf-4595-8052-77d59b4009c2" />
      <TestMethod codeBase="/home/runner/work/DNN.UserVoice/DNN.UserVoice/UnitTests/bin/Release/UnitTests.dll" adapterTypeName="executor://xunit/VsTestRunner3/netfx/" className="UnitTests.StartupTests" name="Startup_RegistersAllRequiredServices" />
    </UnitTest>
    <UnitTest name="UnitTests.Extensions.IQueryableExtensionsTests.Order_OrdersBothWays(descending: True, expected: [3, 2, 1])" storage="/home/runner/work/dnn.uservoice/dnn.uservoice/unittests/bin/release/unittests.dll" id="78191585-3baa-784c-b6e5-3c7e13ea0966">
      <Execution id="55cbc912-5408-446d-b92d-76a5336599ac" />
      <TestMethod codeBase="/home/runner/work/DNN.UserVoice/DNN.UserVoice/UnitTests/bin/Release/UnitTests.dll" adapterTypeName="executor://xunit/VsTestRunner3/netfx/" className="UnitTests.Extensions.IQueryableExtensionsTests" name="Order_OrdersBothWays" />
    </UnitTest>
    <UnitTest name="UnitTests.Extensions.IQueryableExtensionsTests.Order_OrdersBothWays(descending: False, expected: [1, 2, 3])" storage="/home/runner/work/dnn.uservoice/dnn.uservoice/unittests/bin/release/unittests.dll" id="fb4d7e06-b0f6-3c4f-5b1a-c6c31cafa1f7">
      <Execution id="544bd3a9-e14d-468c-94e4-7d9dcc4d98b5" />
      <TestMethod codeBase="/home/runner/work/DNN.UserVoice/DNN.UserVoice/UnitTests/bin/Release/UnitTests.dll" adapterTypeName="executor://xunit/VsTestRunner3/netfx/" className="UnitTests.Extensions.IQueryableExtensionsTests" name="Order_OrdersBothWays" />
    </UnitTest>
    <UnitTest name="UnitTests.Data.Repositories.GenericRepositoryTests.GenericRepositoryUpdate_ThrowsWithNullEntity" storage="/home/runner/work/dnn.uservoice/dnn.uservoice/unittests/bin/release/unittests.dll" id="9836b323-2c87-fb96-c166-3e83946077c2">
      <Execution id="8abcc033-f2dd-4b01-b2ec-d25dc8fba2bb" />
      <TestMethod codeBase="/home/runner/work/DNN.UserVoice/DNN.UserVoice/UnitTests/bin/Release/UnitTests.dll" adapterTypeName="executor://xunit/VsTestRunner3/netfx/" className="UnitTests.Data.Repositories.GenericRepositoryTests" name="GenericRepositoryUpdate_ThrowsWithNullEntity" />
    </UnitTest>
    <UnitTest name="UnitTests.Data.Repositories.GenericRepositoryTests.Repository_Create_UsesUserId" storage="/home/runner/work/dnn.uservoice/dnn.uservoice/unittests/bin/release/unittests.dll" id="e8de6daf-b2f9-f07b-7db1-d7750158f399">
      <Execution id="d99c872c-9f16-4447-a300-ccf3bca2a27f" />
      <TestMethod codeBase="/home/runner/work/DNN.UserVoice/DNN.UserVoice/UnitTests/bin/Release/UnitTests.dll" adapterTypeName="executor://xunit/VsTestRunner3/netfx/" className="UnitTests.Data.Repositories.GenericRepositoryTests" name="Repository_Create_UsesUserId" />
    </UnitTest>
    <UnitTest name="UnitTests.Data.Repositories.GenericRepositoryTests.GenericRepositoryGet" storage="/home/runner/work/dnn.uservoice/dnn.uservoice/unittests/bin/release/unittests.dll" id="fa343bff-97c2-1efc-efd2-918bb0a79a3b">
      <Execution id="42587a3c-dac9-44d1-97d0-4b862daa7804" />
      <TestMethod codeBase="/home/runner/work/DNN.UserVoice/DNN.UserVoice/UnitTests/bin/Release/UnitTests.dll" adapterTypeName="executor://xunit/VsTestRunner3/netfx/" className="UnitTests.Data.Repositories.GenericRepositoryTests" name="GenericRepositoryGet" />
    </UnitTest>
    <UnitTest name="UnitTests.Data.Repositories.GenericRepositoryTests.GenericRepositoryCreatesAndGetsById" storage="/home/runner/work/dnn.uservoice/dnn.uservoice/unittests/bin/release/unittests.dll" id="d527f5d7-05c2-a5da-93c5-f2bb4391f844">
      <Execution id="c4b1fdad-560d-497a-8bf0-b7acb466607d" />
      <TestMethod codeBase="/home/runner/work/DNN.UserVoice/DNN.UserVoice/UnitTests/bin/Release/UnitTests.dll" adapterTypeName="executor://xunit/VsTestRunner3/netfx/" className="UnitTests.Data.Repositories.GenericRepositoryTests" name="GenericRepositoryCreatesAndGetsById" />
    </UnitTest>
    <UnitTest name="UnitTests.Data.Repositories.GenericRepositoryTests.GenericRepositoryGetsAll(iterations: 0)" storage="/home/runner/work/dnn.uservoice/dnn.uservoice/unittests/bin/release/unittests.dll" id="60e43152-7193-1c31-7a7d-2c2ca162fc43">
      <Execution id="e712d3eb-14ed-4305-8a11-55603d1421b3" />
      <TestMethod codeBase="/home/runner/work/DNN.UserVoice/DNN.UserVoice/UnitTests/bin/Release/UnitTests.dll" adapterTypeName="executor://xunit/VsTestRunner3/netfx/" className="UnitTests.Data.Repositories.GenericRepositoryTests" name="GenericRepositoryGetsAll" />
    </UnitTest>
    <UnitTest name="UnitTests.Controllers.LocalizationControllerTests.GetLocalization_CallsLocalizationService" storage="/home/runner/work/dnn.uservoice/dnn.uservoice/unittests/bin/release/unittests.dll" id="bd3351a7-b43b-1510-2d3f-11bb62aa88d7">
      <Execution id="dddd9544-e90d-42ed-a1f4-b9d75a8857b3" />
      <TestMethod codeBase="/home/runner/work/DNN.UserVoice/DNN.UserVoice/UnitTests/bin/Release/UnitTests.dll" adapterTypeName="executor://xunit/VsTestRunner3/netfx/" className="UnitTests.Controllers.LocalizationControllerTests" name="GetLocalization_CallsLocalizationService" />
    </UnitTest>
    <UnitTest name="UnitTests.Data.Repositories.GenericRepositoryTests.Repository_Create_DefaultAudit" storage="/home/runner/work/dnn.uservoice/dnn.uservoice/unittests/bin/release/unittests.dll" id="d7aeee62-ca8d-2ca5-79b2-258e190e2d14">
      <Execution id="df77ced8-98bf-4390-a40b-d36dec6107e6" />
      <TestMethod codeBase="/home/runner/work/DNN.UserVoice/DNN.UserVoice/UnitTests/bin/Release/UnitTests.dll" adapterTypeName="executor://xunit/VsTestRunner3/netfx/" className="UnitTests.Data.Repositories.GenericRepositoryTests" name="Repository_Create_DefaultAudit" />
    </UnitTest>
    <UnitTest name="UnitTests.Data.Repositories.GenericRepositoryTests.GenericRepositoryCreate_ThrowsWithNullEntity" storage="/home/runner/work/dnn.uservoice/dnn.uservoice/unittests/bin/release/unittests.dll" id="c38d13c8-0943-0152-9d1f-27d7829b57da">
      <Execution id="483fb9d4-9d8e-415c-ab6a-972b66a92d1a" />
      <TestMethod codeBase="/home/runner/work/DNN.UserVoice/DNN.UserVoice/UnitTests/bin/Release/UnitTests.dll" adapterTypeName="executor://xunit/VsTestRunner3/netfx/" className="UnitTests.Data.Repositories.GenericRepositoryTests" name="GenericRepositoryCreate_ThrowsWithNullEntity" />
    </UnitTest>
    <UnitTest name="UnitTests.Controllers.ModuleApiControllerTests.HasUserInfo" storage="/home/runner/work/dnn.uservoice/dnn.uservoice/unittests/bin/release/unittests.dll" id="53f95eb7-2fb5-a3ce-2c24-38ae34e88303">
      <Execution id="23c22c35-cf2c-43d3-8d46-33fdd82a9388" />
      <TestMethod codeBase="/home/runner/work/DNN.UserVoice/DNN.UserVoice/UnitTests/bin/Release/UnitTests.dll" adapterTypeName="executor://xunit/VsTestRunner3/netfx/" className="UnitTests.Controllers.ModuleApiControllerTests" name="HasUserInfo" />
    </UnitTest>
    <UnitTest name="UnitTests.Data.Repositories.GenericRepositoryTests.Pages_With_Related_Entities" storage="/home/runner/work/dnn.uservoice/dnn.uservoice/unittests/bin/release/unittests.dll" id="051fc54f-7074-2910-0417-4c911d54f4b2">
      <Execution id="713be4b2-8be5-4cd3-8bf3-010cb33080b9" />
      <TestMethod codeBase="/home/runner/work/DNN.UserVoice/DNN.UserVoice/UnitTests/bin/Release/UnitTests.dll" adapterTypeName="executor://xunit/VsTestRunner3/netfx/" className="UnitTests.Data.Repositories.GenericRepositoryTests" name="Pages_With_Related_Entities" />
    </UnitTest>
    <UnitTest name="UnitTests.Data.Repositories.IdeaRepositoryTests.Constructs" storage="/home/runner/work/dnn.uservoice/dnn.uservoice/unittests/bin/release/unittests.dll" id="e5838b0c-eaaa-a2ee-1740-a18b4a86d7a4">
      <Execution id="293a3176-b96c-4f3e-a3cb-dfc644ed1e1f" />
      <TestMethod codeBase="/home/runner/work/DNN.UserVoice/DNN.UserVoice/UnitTests/bin/Release/UnitTests.dll" adapterTypeName="executor://xunit/VsTestRunner3/netfx/" className="UnitTests.Data.Repositories.IdeaRepositoryTests" name="Constructs" />
    </UnitTest>
    <UnitTest name="UnitTests.Data.Repositories.GenericRepositoryTests.GetPage_Pages(page: 0, pageSize: 0, expectedItems: 1, expectedPages: 50)" storage="/home/runner/work/dnn.uservoice/dnn.uservoice/unittests/bin/release/unittests.dll" id="082ec871-5a59-802f-3256-844756fbe9b1">
      <Execution id="d394420c-5497-4c17-89f5-9e18a899c0ec" />
      <TestMethod codeBase="/home/runner/work/DNN.UserVoice/DNN.UserVoice/UnitTests/bin/Release/UnitTests.dll" adapterTypeName="executor://xunit/VsTestRunner3/netfx/" className="UnitTests.Data.Repositories.GenericRepositoryTests" name="GetPage_Pages" />
    </UnitTest>
    <UnitTest name="UnitTests.Data.Repositories.GenericRepositoryTests.Repository_DeleteMissing_DoesNotThrow" storage="/home/runner/work/dnn.uservoice/dnn.uservoice/unittests/bin/release/unittests.dll" id="59704e7b-f8f7-ace3-2612-2279b1ecd6cb">
      <Execution id="896baa19-efad-4e66-864e-df124627be45" />
      <TestMethod codeBase="/home/runner/work/DNN.UserVoice/DNN.UserVoice/UnitTests/bin/Release/UnitTests.dll" adapterTypeName="executor://xunit/VsTestRunner3/netfx/" className="UnitTests.Data.Repositories.GenericRepositoryTests" name="Repository_DeleteMissing_DoesNotThrow" />
    </UnitTest>
    <UnitTest name="UnitTests.Data.Repositories.GenericRepositoryTests.Repository_Update_UsesUserId" storage="/home/runner/work/dnn.uservoice/dnn.uservoice/unittests/bin/release/unittests.dll" id="c89a5558-29d6-7160-12eb-04b76041b792">
      <Execution id="84e07775-2fc8-4e7e-bc85-605f86b3dfed" />
      <TestMethod codeBase="/home/runner/work/DNN.UserVoice/DNN.UserVoice/UnitTests/bin/Release/UnitTests.dll" adapterTypeName="executor://xunit/VsTestRunner3/netfx/" className="UnitTests.Data.Repositories.GenericRepositoryTests" name="Repository_Update_UsesUserId" />
    </UnitTest>
    <UnitTest name="UnitTests.Controllers.ServiceRouteMapperTests.RegisterRoutes_RegistersAtLestOneRoute" storage="/home/runner/work/dnn.uservoice/dnn.uservoice/unittests/bin/release/unittests.dll" id="81cc43d9-8c80-da23-fbb4-6a3d2970824d">
      <Execution id="4020826c-4188-4d16-9cd8-0ec2a8805557" />
      <TestMethod codeBase="/home/runner/work/DNN.UserVoice/DNN.UserVoice/UnitTests/bin/Release/UnitTests.dll" adapterTypeName="executor://xunit/VsTestRunner3/netfx/" className="UnitTests.Controllers.ServiceRouteMapperTests" name="RegisterRoutes_RegistersAtLestOneRoute" />
    </UnitTest>
    <UnitTest name="UnitTests.Data.Repositories.GenericRepositoryTests.GetPage_Pages(page: 1, pageSize: 10, expectedItems: 10, expectedPages: 5)" storage="/home/runner/work/dnn.uservoice/dnn.uservoice/unittests/bin/release/unittests.dll" id="74347e3e-a1d8-1a9b-e232-94cd87fba9da">
      <Execution id="42536558-86ff-4da1-90db-3c98056858ed" />
      <TestMethod codeBase="/home/runner/work/DNN.UserVoice/DNN.UserVoice/UnitTests/bin/Release/UnitTests.dll" adapterTypeName="executor://xunit/VsTestRunner3/netfx/" className="UnitTests.Data.Repositories.GenericRepositoryTests" name="GetPage_Pages" />
    </UnitTest>
    <UnitTest name="UnitTests.Providers.DateTimeProviderTests.DateTimeProvider_CanBeMocked" storage="/home/runner/work/dnn.uservoice/dnn.uservoice/unittests/bin/release/unittests.dll" id="b7610a9b-6030-af40-bb84-d88d1eb15547">
      <Execution id="4f930aee-f5b7-479e-93b5-04f035cef6df" />
      <TestMethod codeBase="/home/runner/work/DNN.UserVoice/DNN.UserVoice/UnitTests/bin/Release/UnitTests.dll" adapterTypeName="executor://xunit/VsTestRunner3/netfx/" className="UnitTests.Providers.DateTimeProviderTests" name="DateTimeProvider_CanBeMocked" />
    </UnitTest>
    <UnitTest name="UnitTests.Common.GlobalsTests.ModulePrefixIsValid" storage="/home/runner/work/dnn.uservoice/dnn.uservoice/unittests/bin/release/unittests.dll" id="4174a4fc-f050-0a80-62f5-57efd360262b">
      <Execution id="5077e329-b5cb-4c85-87a5-72164d9c5ff4" />
      <TestMethod codeBase="/home/runner/work/DNN.UserVoice/DNN.UserVoice/UnitTests/bin/Release/UnitTests.dll" adapterTypeName="executor://xunit/VsTestRunner3/netfx/" className="UnitTests.Common.GlobalsTests" name="ModulePrefixIsValid" />
    </UnitTest>
    <UnitTest name="UnitTests.Providers.DateTimeProviderTests.DateTimeProvider_ProvidesUtc" storage="/home/runner/work/dnn.uservoice/dnn.uservoice/unittests/bin/release/unittests.dll" id="38eae053-145d-f86c-9ed5-dae375692ec3">
      <Execution id="1d9696ec-2f5c-404d-85f4-bad7e212cd7a" />
      <TestMethod codeBase="/home/runner/work/DNN.UserVoice/DNN.UserVoice/UnitTests/bin/Release/UnitTests.dll" adapterTypeName="executor://xunit/VsTestRunner3/netfx/" className="UnitTests.Providers.DateTimeProviderTests" name="DateTimeProvider_ProvidesUtc" />
    </UnitTest>
    <UnitTest name="UnitTests.Controllers.ModuleApiControllerTests.CanEdit_DefaultsToFalse" storage="/home/runner/work/dnn.uservoice/dnn.uservoice/unittests/bin/release/unittests.dll" id="b2fa0e24-81e1-9083-2786-28263d3bbbcb">
      <Execution id="9657efc0-60cf-4ba6-b1ff-3cd5afe6da74" />
      <TestMethod codeBase="/home/runner/work/DNN.UserVoice/DNN.UserVoice/UnitTests/bin/Release/UnitTests.dll" adapterTypeName="executor://xunit/VsTestRunner3/netfx/" className="UnitTests.Controllers.ModuleApiControllerTests" name="CanEdit_DefaultsToFalse" />
    </UnitTest>
    <UnitTest name="UnitTests.Data.Repositories.GenericRepositoryTests.GenericRepositoryGetsAll(iterations: 2)" storage="/home/runner/work/dnn.uservoice/dnn.uservoice/unittests/bin/release/unittests.dll" id="e334ac2e-a91d-9592-9a14-6e6af425e889">
      <Execution id="02aa9db5-247e-4e34-9350-b2e705227535" />
      <TestMethod codeBase="/home/runner/work/DNN.UserVoice/DNN.UserVoice/UnitTests/bin/Release/UnitTests.dll" adapterTypeName="executor://xunit/VsTestRunner3/netfx/" className="UnitTests.Data.Repositories.GenericRepositoryTests" name="GenericRepositoryGetsAll" />
    </UnitTest>
    <UnitTest name="UnitTests.Data.Repositories.GenericRepositoryTests.GenericRepositoryUpdates" storage="/home/runner/work/dnn.uservoice/dnn.uservoice/unittests/bin/release/unittests.dll" id="a59558fc-da57-70d4-d51b-006c46a3cd4f">
      <Execution id="863ffa70-92b6-4060-8df9-569e9838239c" />
      <TestMethod codeBase="/home/runner/work/DNN.UserVoice/DNN.UserVoice/UnitTests/bin/Release/UnitTests.dll" adapterTypeName="executor://xunit/VsTestRunner3/netfx/" className="UnitTests.Data.Repositories.GenericRepositoryTests" name="GenericRepositoryUpdates" />
    </UnitTest>
    <UnitTest name="UnitTests.Data.Repositories.GenericRepositoryTests.Repository_Update_DefaultAudit" storage="/home/runner/work/dnn.uservoice/dnn.uservoice/unittests/bin/release/unittests.dll" id="3f6312dc-2331-e755-d68a-8de3088e798d">
      <Execution id="a3ee1645-9fa4-4165-97a8-7107660fea50" />
      <TestMethod codeBase="/home/runner/work/DNN.UserVoice/DNN.UserVoice/UnitTests/bin/Release/UnitTests.dll" adapterTypeName="executor://xunit/VsTestRunner3/netfx/" className="UnitTests.Data.Repositories.GenericRepositoryTests" name="Repository_Update_DefaultAudit" />
    </UnitTest>
    <UnitTest name="UnitTests.Data.Repositories.GenericRepositoryTests.GenericRepositoryGetsAll(iterations: 3)" storage="/home/runner/work/dnn.uservoice/dnn.uservoice/unittests/bin/release/unittests.dll" id="dee71b95-4301-2055-80fa-558f55d588b8">
      <Execution id="d7b0742d-6953-4385-8efb-1757bb875332" />
      <TestMethod codeBase="/home/runner/work/DNN.UserVoice/DNN.UserVoice/UnitTests/bin/Release/UnitTests.dll" adapterTypeName="executor://xunit/VsTestRunner3/netfx/" className="UnitTests.Data.Repositories.GenericRepositoryTests" name="GenericRepositoryGetsAll" />
    </UnitTest>
    <UnitTest name="UnitTests.Data.Repositories.GenericRepositoryTests.GetPage_Pages(page: 3, pageSize: 20, expectedItems: 10, expectedPages: 3)" storage="/home/runner/work/dnn.uservoice/dnn.uservoice/unittests/bin/release/unittests.dll" id="527c432f-7b9f-89a4-0fdf-51a0955d2f53">
      <Execution id="f9243c3d-4393-4da3-a7b4-9cdc4c7a1330" />
      <TestMethod codeBase="/home/runner/work/DNN.UserVoice/DNN.UserVoice/UnitTests/bin/Release/UnitTests.dll" adapterTypeName="executor://xunit/VsTestRunner3/netfx/" className="UnitTests.Data.Repositories.GenericRepositoryTests" name="GetPage_Pages" />
    </UnitTest>
    <UnitTest name="UnitTests.Data.Repositories.GenericRepositoryTests.GenericRepositoryGetsAll(iterations: 1)" storage="/home/runner/work/dnn.uservoice/dnn.uservoice/unittests/bin/release/unittests.dll" id="20272210-340c-8b95-1194-eff3787f3e46">
      <Execution id="9aecf5e2-9154-484d-88f8-cf3a0e01e117" />
      <TestMethod codeBase="/home/runner/work/DNN.UserVoice/DNN.UserVoice/UnitTests/bin/Release/UnitTests.dll" adapterTypeName="executor://xunit/VsTestRunner3/netfx/" className="UnitTests.Data.Repositories.GenericRepositoryTests" name="GenericRepositoryGetsAll" />
    </UnitTest>
  </TestDefinitions>
  <TestEntries>
    <TestEntry testId="20272210-340c-8b95-1194-eff3787f3e46" executionId="9aecf5e2-9154-484d-88f8-cf3a0e01e117" testListId="8c84fa94-04c1-424b-9868-57a2d4851a1d" />
    <TestEntry testId="e334ac2e-a91d-9592-9a14-6e6af425e889" executionId="02aa9db5-247e-4e34-9350-b2e705227535" testListId="8c84fa94-04c1-424b-9868-57a2d4851a1d" />
    <TestEntry testId="74347e3e-a1d8-1a9b-e232-94cd87fba9da" executionId="42536558-86ff-4da1-90db-3c98056858ed" testListId="8c84fa94-04c1-424b-9868-57a2d4851a1d" />
    <TestEntry testId="bd3351a7-b43b-1510-2d3f-11bb62aa88d7" executionId="dddd9544-e90d-42ed-a1f4-b9d75a8857b3" testListId="8c84fa94-04c1-424b-9868-57a2d4851a1d" />
    <TestEntry testId="59704e7b-f8f7-ace3-2612-2279b1ecd6cb" executionId="896baa19-efad-4e66-864e-df124627be45" testListId="8c84fa94-04c1-424b-9868-57a2d4851a1d" />
    <TestEntry testId="c89a5558-29d6-7160-12eb-04b76041b792" executionId="84e07775-2fc8-4e7e-bc85-605f86b3dfed" testListId="8c84fa94-04c1-424b-9868-57a2d4851a1d" />
    <TestEntry testId="81cc43d9-8c80-da23-fbb4-6a3d2970824d" executionId="4020826c-4188-4d16-9cd8-0ec2a8805557" testListId="8c84fa94-04c1-424b-9868-57a2d4851a1d" />
    <TestEntry testId="e8de6daf-b2f9-f07b-7db1-d7750158f399" executionId="d99c872c-9f16-4447-a300-ccf3bca2a27f" testListId="8c84fa94-04c1-424b-9868-57a2d4851a1d" />
    <TestEntry testId="082ec871-5a59-802f-3256-844756fbe9b1" executionId="d394420c-5497-4c17-89f5-9e18a899c0ec" testListId="8c84fa94-04c1-424b-9868-57a2d4851a1d" />
    <TestEntry testId="38eae053-145d-f86c-9ed5-dae375692ec3" executionId="1d9696ec-2f5c-404d-85f4-bad7e212cd7a" testListId="8c84fa94-04c1-424b-9868-57a2d4851a1d" />
    <TestEntry testId="dee71b95-4301-2055-80fa-558f55d588b8" executionId="d7b0742d-6953-4385-8efb-1757bb875332" testListId="8c84fa94-04c1-424b-9868-57a2d4851a1d" />
    <TestEntry testId="4174a4fc-f050-0a80-62f5-57efd360262b" executionId="5077e329-b5cb-4c85-87a5-72164d9c5ff4" testListId="8c84fa94-04c1-424b-9868-57a2d4851a1d" />
    <TestEntry testId="3f6312dc-2331-e755-d68a-8de3088e798d" executionId="a3ee1645-9fa4-4165-97a8-7107660fea50" testListId="8c84fa94-04c1-424b-9868-57a2d4851a1d" />
    <TestEntry testId="a59558fc-da57-70d4-d51b-006c46a3cd4f" executionId="863ffa70-92b6-4060-8df9-569e9838239c" testListId="8c84fa94-04c1-424b-9868-57a2d4851a1d" />
    <TestEntry testId="d527f5d7-05c2-a5da-93c5-f2bb4391f844" executionId="c4b1fdad-560d-497a-8bf0-b7acb466607d" testListId="8c84fa94-04c1-424b-9868-57a2d4851a1d" />
    <TestEntry testId="d7aeee62-ca8d-2ca5-79b2-258e190e2d14" executionId="df77ced8-98bf-4390-a40b-d36dec6107e6" testListId="8c84fa94-04c1-424b-9868-57a2d4851a1d" />
    <TestEntry testId="b2fa0e24-81e1-9083-2786-28263d3bbbcb" executionId="9657efc0-60cf-4ba6-b1ff-3cd5afe6da74" testListId="8c84fa94-04c1-424b-9868-57a2d4851a1d" />
    <TestEntry testId="27566079-9486-e3c1-6494-91ca9ae44d79" executionId="26cb8909-2695-4044-a71f-4d47ae6f1733" testListId="8c84fa94-04c1-424b-9868-57a2d4851a1d" />
    <TestEntry testId="110cc41d-29a2-9279-99dc-f27a2281aada" executionId="8ab2428a-3fbf-4595-8052-77d59b4009c2" testListId="8c84fa94-04c1-424b-9868-57a2d4851a1d" />
    <TestEntry testId="9836b323-2c87-fb96-c166-3e83946077c2" executionId="8abcc033-f2dd-4b01-b2ec-d25dc8fba2bb" testListId="8c84fa94-04c1-424b-9868-57a2d4851a1d" />
    <TestEntry testId="f7bc6bd9-0c55-06bc-3749-64e5f6cece81" executionId="24d2159b-574c-4ddc-a190-87d3effb3bd4" testListId="8c84fa94-04c1-424b-9868-57a2d4851a1d" />
    <TestEntry testId="78191585-3baa-784c-b6e5-3c7e13ea0966" executionId="55cbc912-5408-446d-b92d-76a5336599ac" testListId="8c84fa94-04c1-424b-9868-57a2d4851a1d" />
    <TestEntry testId="c38d13c8-0943-0152-9d1f-27d7829b57da" executionId="483fb9d4-9d8e-415c-ab6a-972b66a92d1a" testListId="8c84fa94-04c1-424b-9868-57a2d4851a1d" />
    <TestEntry testId="527c432f-7b9f-89a4-0fdf-51a0955d2f53" executionId="f9243c3d-4393-4da3-a7b4-9cdc4c7a1330" testListId="8c84fa94-04c1-424b-9868-57a2d4851a1d" />
    <TestEntry testId="fa343bff-97c2-1efc-efd2-918bb0a79a3b" executionId="42587a3c-dac9-44d1-97d0-4b862daa7804" testListId="8c84fa94-04c1-424b-9868-57a2d4851a1d" />
    <TestEntry testId="e5838b0c-eaaa-a2ee-1740-a18b4a86d7a4" executionId="293a3176-b96c-4f3e-a3cb-dfc644ed1e1f" testListId="8c84fa94-04c1-424b-9868-57a2d4851a1d" />
    <TestEntry testId="53f95eb7-2fb5-a3ce-2c24-38ae34e88303" executionId="23c22c35-cf2c-43d3-8d46-33fdd82a9388" testListId="8c84fa94-04c1-424b-9868-57a2d4851a1d" />
    <TestEntry testId="fb4d7e06-b0f6-3c4f-5b1a-c6c31cafa1f7" executionId="544bd3a9-e14d-468c-94e4-7d9dcc4d98b5" testListId="8c84fa94-04c1-424b-9868-57a2d4851a1d" />
    <TestEntry testId="051fc54f-7074-2910-0417-4c911d54f4b2" executionId="713be4b2-8be5-4cd3-8bf3-010cb33080b9" testListId="8c84fa94-04c1-424b-9868-57a2d4851a1d" />
    <TestEntry testId="b75181a9-0ec4-2ff3-9e36-471de6d930df" executionId="7a2fa767-8431-4cde-a089-49e66b267512" testListId="8c84fa94-04c1-424b-9868-57a2d4851a1d" />
    <TestEntry testId="60e43152-7193-1c31-7a7d-2c2ca162fc43" executionId="e712d3eb-14ed-4305-8a11-55603d1421b3" testListId="8c84fa94-04c1-424b-9868-57a2d4851a1d" />
    <TestEntry testId="b7610a9b-6030-af40-bb84-d88d1eb15547" executionId="4f930aee-f5b7-479e-93b5-04f035cef6df" testListId="8c84fa94-04c1-424b-9868-57a2d4851a1d" />
  </TestEntries>
  <TestLists>
    <TestList name="Results Not in a List" id="8c84fa94-04c1-424b-9868-57a2d4851a1d" />
    <TestList name="All Loaded Results" id="19431567-8539-422a-85d7-44ee4e166bda" />
  </TestLists>
  <ResultSummary outcome="Completed">
    <Counters total="32" executed="32" passed="32" failed="0" error="0" timeout="0" aborted="0" inconclusive="0" passedButRunAborted="0" notRunnable="0" notExecuted="0" disconnected="0" warning="0" completed="0" inProgress="0" pending="0" />
    <Output>
      <StdOut>[xUnit.net 00:00:00.00] xUnit.net VSTest Adapter v3.1.5+1b188a7b0a (64-bit Mono 6.12.0.200 (tarball Tue Jul 11 21:37:50 UTC 2023))
[xUnit.net 00:00:00.58]   Discovering: UnitTests
[xUnit.net 00:00:01.31]   Discovered:  UnitTests
[xUnit.net 00:00:01.40]   Starting:    UnitTests
[xUnit.net 00:00:05.00]   Finished:    UnitTests
</StdOut>
    </Output>
  </ResultSummary>
</TestRun>